=== RUN   TestUninstall
=== RUN   TestUninstall/next-release-upgrade
    lifecycle_e2e_test.go:245: e2e crd: dispatching a read-only Job the successor must retire
    lifecycle_e2e_test.go:245: e2e crd: holding one Apply open across the next-release upgrade
[controller-runtime] log.SetLogger(...) was never called; logs will not be displayed.
Detected at:
	>  goroutine 122 [running]:
	>  runtime/debug.Stack()
	>  	/opt/homebrew/Cellar/go/1.27.1/libexec/src/runtime/debug/stack.go:26 +0x64
	>  sigs.k8s.io/controller-runtime/pkg/log.eventuallyFulfillRoot()
	>  	/Users/buster/go/pkg/mod/sigs.k8s.io/controller-runtime@v0.25.1/pkg/log/log.go:60 +0xe8
	>  sigs.k8s.io/controller-runtime/pkg/log.(*delegatingLogSink).WithName(0x426e645d6b80, {0x1045a25cd, 0x6})
	>  	/Users/buster/go/pkg/mod/sigs.k8s.io/controller-runtime@v0.25.1/pkg/log/deleg.go:147 +0x34
	>  github.com/go-logr/logr.Logger.WithName(...)
	>  	/Users/buster/go/pkg/mod/github.com/go-logr/logr@v1.4.3/logr.go:345
	>  sigs.k8s.io/controller-runtime/pkg/client.newClient(0x426e643af008?, {0x426e64d75620, 0x426e6482e4d0, {0x105e7a9f0, 0x426e64b96370}, 0x0, 0x0, {0x0, 0x0}, {0x0, ...}, ...})
	>  	/Users/buster/go/pkg/mod/sigs.k8s.io/controller-runtime@v0.25.1/pkg/client/client.go:207 +0x164
	>  sigs.k8s.io/controller-runtime/pkg/client.New(0x426e6453b208?, {0x0, 0x426e6482e4d0, {0x0, 0x0}, 0x0, 0x0, {0x0, 0x0}, {0x0, ...}, ...})
	>  	/Users/buster/go/pkg/mod/sigs.k8s.io/controller-runtime@v0.25.1/pkg/client/client.go:142 +0x58
	>  github.com/stokaro/ptah-operator/test/e2e/harness.(*Cluster).As(0x426e645f2190, {{0x426e6436a630, 0x86}, {0x0, 0x0}, {0x0, 0x0, 0x0}, 0x0})
	>  	/private/tmp/ptah-operator-020-profile/test/e2e/harness/cluster.go:114 +0xd4
	>  github.com/stokaro/ptah-operator/test/e2e.(*lifecycleRun).asManagerStatus(0x426e6498f208)
	>  	/private/tmp/ptah-operator-020-profile/test/e2e/lifecycle_e2e_test.go:460 +0x84
	>  github.com/stokaro/ptah-operator/test/e2e.(*lifecycleRun).stagePredecessorApplyJobUIDGapWhileRunning(0x426e6498f208)
	>  	/private/tmp/ptah-operator-020-profile/test/e2e/lifecycle_running_apply_e2e_test.go:751 +0x2b0
	>  github.com/stokaro/ptah-operator/test/e2e.(*lifecycleRun).nextReleaseUpgrade(0x426e6498f208)
	>  	/private/tmp/ptah-operator-020-profile/test/e2e/lifecycle_phases_e2e_test.go:271 +0x504
	>  github.com/stokaro/ptah-operator/test/e2e.(*lifecycleRun).scenario.func1(0x426e6480bf38?)
	>  	/private/tmp/ptah-operator-020-profile/test/e2e/lifecycle_e2e_test.go:245 +0x68
	>  github.com/stokaro/ptah-operator/test/e2e/harness.(*Run).Scenario.func1(0x426e64a30248?)
	>  	/private/tmp/ptah-operator-020-profile/test/e2e/harness/harness.go:194 +0x70
	>  testing.tRunner(0x426e64a30248, 0x426e64830000)
	>  	/opt/homebrew/Cellar/go/1.27.1/libexec/src/testing/testing.go:2193 +0xc4
	>  created by testing.(*T).Run in goroutine 121
	>  	/opt/homebrew/Cellar/go/1.27.1/libexec/src/testing/testing.go:2258 +0x3b8
    lifecycle_e2e_test.go:245: e2e crd: proving the boundary a late upgrade failure leaves behind
    lifecycle_e2e_test.go:245: e2e crd: unchanged privilege: boundary="late upgrade failure" kind=ClusterRole namespace= name=ptah-runtime-generated-name-prefix-boundary-proof-60a21ba63c stateSHA256=88e9812fdbf9e206fbf93bcdd56c33e010a353c01d632b6ec475a21cc70f4a27
    lifecycle_e2e_test.go:245: e2e crd: unchanged privilege: boundary="late upgrade failure" kind=ClusterRole namespace= name=ptah-runtime-generated-name-prefix-boundary-proof-60a21ba63c-approver stateSHA256=c3828f89a08f39d24da3efe5c69a96c9bed5af5c979abe5d0597073b3c9e7792
    lifecycle_e2e_test.go:245: e2e crd: unchanged privilege: boundary="late upgrade failure" kind=ClusterRoleBinding namespace= name=ptah-runtime-generated-name-prefix-boun-cert-rotator stateSHA256=56f16d528d71e02c24ba28ba878aea8a01a91ce52a21a4070fd0824d520d989a
    lifecycle_e2e_test.go:245: e2e crd: unchanged privilege: boundary="late upgrade failure" kind=ClusterRoleBinding namespace= name=ptah-runtime-generated-name-prefix-boundary-proof-60a21ba63c stateSHA256=07e6b230de3e78e91ee4aedf8c741f59a987f4a388d1b8bb0017dc4d7a19fd62
    lifecycle_e2e_test.go:245: e2e crd: unchanged privilege: boundary="late upgrade failure" kind=RoleBinding namespace=ptah-system-1-37-0-result-lifecycle-b503-60a21ba63c name=ptah-runtime-generated-name-prefix-boun-cert-rotator stateSHA256=2cf1e0507beb8b9ee6b01d29df9bf68de6d7129d0da641182041569cf8cf4b56
    lifecycle_e2e_test.go:245: e2e crd: unchanged privilege: boundary="late upgrade failure" kind=ServiceAccount namespace=ptah-system-1-37-0-result-lifecycle-b503-60a21ba63c name=ptah-runtime-generated-name-prefix-boundary-proof-60a21ba63c stateSHA256=3d8d12e0a0b9379b34f1df38e864453a39a93cbdf35a00abbf2cadf7dcc72fab
    lifecycle_e2e_test.go:245: e2e crd: unchanged privilege: boundary="late upgrade failure" kind=Role namespace=ptah-system-1-37-0-result-lifecycle-b503-60a21ba63c name=ptah-runtime-generated-name-prefix-boun-cert-rotator stateSHA256=49c23c177796fc658928241824b9c56f2773fc8817f04bdb1c80c0569ab88607
    lifecycle_e2e_test.go:245: e2e crd: unchanged privilege: boundary="late upgrade failure" kind=Role namespace=ptah-system-1-37-0-result-lifecycle-b503-60a21ba63c name=ptah-runtime-generated-name-prefix-boundary-proof-60a21ba63c stateSHA256=964701a3bc483531e908899233132d20b1b7156b5a91bf63ab62e9406c59d728
    lifecycle_e2e_test.go:245: e2e crd: unchanged privilege: boundary="late upgrade failure" kind=RoleBinding namespace=ptah-system-1-37-0-result-lifecycle-b503-60a21ba63c name=ptah-runtime-generated-name-prefix-boundary-proof-60a21ba63c stateSHA256=163658807b29df05b210f5708cbaaf680956c99c729432993b133d5b1aecf5ef
    lifecycle_e2e_test.go:245: e2e crd: unchanged privilege: boundary="late upgrade failure" kind=ServiceAccount namespace=ptah-system-1-37-0-result-lifecycle-b503-60a21ba63c name=ptah-runtime-generated-name-prefix-boun-cert-rotator stateSHA256=20843fdb8ea04f614fc15178c10de237ae2ad5c03eb256bbdd911a61d18d30dc
    lifecycle_e2e_test.go:245: e2e crd: unchanged privilege: boundary="late upgrade failure" kind=ClusterRole namespace= name=ptah-runtime-generated-name-prefix-boun-cert-rotator stateSHA256=be28cfa988ec9ca259f4b8fd886fe6724451f659e57febf93e88ea35fe561436
    lifecycle_e2e_test.go:245: e2e crd: late upgrade failure: 11 live runtime privilege identities and authority fields unchanged
    lifecycle_e2e_test.go:245: e2e crd: the late failure left the runtime stopped on the predecessor template
    lifecycle_e2e_test.go:245: e2e crd: SQL audit: boundary="late upgrade failure" jobUID=56d6a9e2-dbd0-4600-9860-68f7dfa2b279 podUID=094b0c21-a146-4635-81ec-aa073bdfd5c6 serverPID=209 sessionStart="2026-10-03 01:13:48 UTC" client=172.18.0.6 additionalRemoteRecords=0
    lifecycle_e2e_test.go:245: e2e crd: retrying the upgrade to the same synthetic next release
    lifecycle_e2e_test.go:245: e2e crd: unchanged privilege: boundary="same-candidate upgrade retry" kind=Role namespace=ptah-system-1-37-0-result-lifecycle-b503-60a21ba63c name=ptah-runtime-generated-name-prefix-boundary-proof-60a21ba63c stateSHA256=964701a3bc483531e908899233132d20b1b7156b5a91bf63ab62e9406c59d728
    lifecycle_e2e_test.go:245: e2e crd: unchanged privilege: boundary="same-candidate upgrade retry" kind=RoleBinding namespace=ptah-system-1-37-0-result-lifecycle-b503-60a21ba63c name=ptah-runtime-generated-name-prefix-boun-cert-rotator stateSHA256=2cf1e0507beb8b9ee6b01d29df9bf68de6d7129d0da641182041569cf8cf4b56
    lifecycle_e2e_test.go:245: e2e crd: unchanged privilege: boundary="same-candidate upgrade retry" kind=RoleBinding namespace=ptah-system-1-37-0-result-lifecycle-b503-60a21ba63c name=ptah-runtime-generated-name-prefix-boundary-proof-60a21ba63c stateSHA256=163658807b29df05b210f5708cbaaf680956c99c729432993b133d5b1aecf5ef
    lifecycle_e2e_test.go:245: e2e crd: unchanged privilege: boundary="same-candidate upgrade retry" kind=ServiceAccount namespace=ptah-system-1-37-0-result-lifecycle-b503-60a21ba63c name=ptah-runtime-generated-name-prefix-boun-cert-rotator stateSHA256=20843fdb8ea04f614fc15178c10de237ae2ad5c03eb256bbdd911a61d18d30dc
    lifecycle_e2e_test.go:245: e2e crd: unchanged privilege: boundary="same-candidate upgrade retry" kind=ServiceAccount namespace=ptah-system-1-37-0-result-lifecycle-b503-60a21ba63c name=ptah-runtime-generated-name-prefix-boundary-proof-60a21ba63c stateSHA256=3d8d12e0a0b9379b34f1df38e864453a39a93cbdf35a00abbf2cadf7dcc72fab
    lifecycle_e2e_test.go:245: e2e crd: unchanged privilege: boundary="same-candidate upgrade retry" kind=ClusterRole namespace= name=ptah-runtime-generated-name-prefix-boun-cert-rotator stateSHA256=be28cfa988ec9ca259f4b8fd886fe6724451f659e57febf93e88ea35fe561436
    lifecycle_e2e_test.go:245: e2e crd: unchanged privilege: boundary="same-candidate upgrade retry" kind=ClusterRole namespace= name=ptah-runtime-generated-name-prefix-boundary-proof-60a21ba63c stateSHA256=88e9812fdbf9e206fbf93bcdd56c33e010a353c01d632b6ec475a21cc70f4a27
    lifecycle_e2e_test.go:245: e2e crd: unchanged privilege: boundary="same-candidate upgrade retry" kind=ClusterRoleBinding namespace= name=ptah-runtime-generated-name-prefix-boun-cert-rotator stateSHA256=56f16d528d71e02c24ba28ba878aea8a01a91ce52a21a4070fd0824d520d989a
    lifecycle_e2e_test.go:245: e2e crd: unchanged privilege: boundary="same-candidate upgrade retry" kind=ClusterRoleBinding namespace= name=ptah-runtime-generated-name-prefix-boundary-proof-60a21ba63c stateSHA256=07e6b230de3e78e91ee4aedf8c741f59a987f4a388d1b8bb0017dc4d7a19fd62
    lifecycle_e2e_test.go:245: e2e crd: unchanged privilege: boundary="same-candidate upgrade retry" kind=Role namespace=ptah-system-1-37-0-result-lifecycle-b503-60a21ba63c name=ptah-runtime-generated-name-prefix-boun-cert-rotator stateSHA256=49c23c177796fc658928241824b9c56f2773fc8817f04bdb1c80c0569ab88607
    lifecycle_e2e_test.go:245: e2e crd: unchanged privilege: boundary="same-candidate upgrade retry" kind=ClusterRole namespace= name=ptah-runtime-generated-name-prefix-boundary-proof-60a21ba63c-approver stateSHA256=c3828f89a08f39d24da3efe5c69a96c9bed5af5c979abe5d0597073b3c9e7792
    lifecycle_e2e_test.go:245: e2e crd: same-candidate upgrade retry: 11 live runtime privilege identities and authority fields unchanged
    lifecycle_e2e_test.go:245: e2e crd: SQL audit: boundary="same-candidate upgrade retry" jobUID=56d6a9e2-dbd0-4600-9860-68f7dfa2b279 podUID=094b0c21-a146-4635-81ec-aa073bdfd5c6 serverPID=209 sessionStart="2026-10-03 01:13:48 UTC" client=172.18.0.6 additionalRemoteRecords=0
    lifecycle_e2e_test.go:245: e2e crd: same-candidate late-failure recovery passed
=== RUN   TestUninstall/rollback
    lifecycle_phases_e2e_test.go:333: e2e crd: proving a rollback the stored state has outgrown is refused before any Pod changes
    lifecycle_phases_e2e_test.go:333: e2e crd: unchanged privilege: boundary="refused downgrade" kind=RoleBinding namespace=ptah-system-1-37-0-result-lifecycle-b503-60a21ba63c name=ptah-runtime-generated-name-prefix-boun-cert-rotator stateSHA256=2cf1e0507beb8b9ee6b01d29df9bf68de6d7129d0da641182041569cf8cf4b56
    lifecycle_phases_e2e_test.go:333: e2e crd: unchanged privilege: boundary="refused downgrade" kind=ClusterRole namespace= name=ptah-runtime-generated-name-prefix-boun-cert-rotator stateSHA256=be28cfa988ec9ca259f4b8fd886fe6724451f659e57febf93e88ea35fe561436
    lifecycle_phases_e2e_test.go:333: e2e crd: unchanged privilege: boundary="refused downgrade" kind=ClusterRole namespace= name=ptah-runtime-generated-name-prefix-boundary-proof-60a21ba63c-approver stateSHA256=c3828f89a08f39d24da3efe5c69a96c9bed5af5c979abe5d0597073b3c9e7792
    lifecycle_phases_e2e_test.go:333: e2e crd: unchanged privilege: boundary="refused downgrade" kind=ClusterRoleBinding namespace= name=ptah-runtime-generated-name-prefix-boun-cert-rotator stateSHA256=56f16d528d71e02c24ba28ba878aea8a01a91ce52a21a4070fd0824d520d989a
    lifecycle_phases_e2e_test.go:333: e2e crd: unchanged privilege: boundary="refused downgrade" kind=RoleBinding namespace=ptah-system-1-37-0-result-lifecycle-b503-60a21ba63c name=ptah-runtime-generated-name-prefix-boundary-proof-60a21ba63c stateSHA256=163658807b29df05b210f5708cbaaf680956c99c729432993b133d5b1aecf5ef
    lifecycle_phases_e2e_test.go:333: e2e crd: unchanged privilege: boundary="refused downgrade" kind=ServiceAccount namespace=ptah-system-1-37-0-result-lifecycle-b503-60a21ba63c name=ptah-runtime-generated-name-prefix-boun-cert-rotator stateSHA256=20843fdb8ea04f614fc15178c10de237ae2ad5c03eb256bbdd911a61d18d30dc
    lifecycle_phases_e2e_test.go:333: e2e crd: unchanged privilege: boundary="refused downgrade" kind=ServiceAccount namespace=ptah-system-1-37-0-result-lifecycle-b503-60a21ba63c name=ptah-runtime-generated-name-prefix-boundary-proof-60a21ba63c stateSHA256=3d8d12e0a0b9379b34f1df38e864453a39a93cbdf35a00abbf2cadf7dcc72fab
    lifecycle_phases_e2e_test.go:333: e2e crd: unchanged privilege: boundary="refused downgrade" kind=ClusterRole namespace= name=ptah-runtime-generated-name-prefix-boundary-proof-60a21ba63c stateSHA256=88e9812fdbf9e206fbf93bcdd56c33e010a353c01d632b6ec475a21cc70f4a27
    lifecycle_phases_e2e_test.go:333: e2e crd: unchanged privilege: boundary="refused downgrade" kind=ClusterRoleBinding namespace= name=ptah-runtime-generated-name-prefix-boundary-proof-60a21ba63c stateSHA256=07e6b230de3e78e91ee4aedf8c741f59a987f4a388d1b8bb0017dc4d7a19fd62
    lifecycle_phases_e2e_test.go:333: e2e crd: unchanged privilege: boundary="refused downgrade" kind=Role namespace=ptah-system-1-37-0-result-lifecycle-b503-60a21ba63c name=ptah-runtime-generated-name-prefix-boun-cert-rotator stateSHA256=49c23c177796fc658928241824b9c56f2773fc8817f04bdb1c80c0569ab88607
    lifecycle_phases_e2e_test.go:333: e2e crd: unchanged privilege: boundary="refused downgrade" kind=Role namespace=ptah-system-1-37-0-result-lifecycle-b503-60a21ba63c name=ptah-runtime-generated-name-prefix-boundary-proof-60a21ba63c stateSHA256=964701a3bc483531e908899233132d20b1b7156b5a91bf63ab62e9406c59d728
    lifecycle_phases_e2e_test.go:333: e2e crd: refused downgrade: 11 live runtime privilege identities and authority fields unchanged
    lifecycle_phases_e2e_test.go:333: e2e crd: the rollback was refused before any Pod changed
    lifecycle_e2e_test.go:245: e2e crd: SQL audit: boundary="refused downgrade" additionalRemoteRecords=0; original resource, finalizers, execution binding and pending proof retained
    lifecycle_phases_e2e_test.go:336: e2e crd: rolling back to revision 12
    lifecycle_e2e_test.go:245: e2e crd: SQL audit: boundary="allowed rollback" additionalRemoteRecords=0; original resource, finalizers, execution binding and pending proof retained
    lifecycle_e2e_test.go:245: e2e crd: synthetic next-release upgrade kept the controller identity, and the rollback to the current release went through its hook
=== RUN   TestUninstall/uninstall
    lifecycle_e2e_test.go:245: e2e crd: privilege inventory before uninstall: kind=ServiceAccount namespace=ptah-system-1-37-0-result-lifecycle-b503-60a21ba63c name=ptah-runtime-generated-name-prefix-boun-cert-rotator uid=aa8984c8-a985-432f-9241-7833c5c4336a
    lifecycle_e2e_test.go:245: e2e crd: privilege inventory before uninstall: kind=ServiceAccount namespace=ptah-system-1-37-0-result-lifecycle-b503-60a21ba63c name=ptah-runtime-generated-name-prefix-boundary-proof-60a21ba63c uid=31a8b25a-9a95-41d0-b176-3ca971de0df7
    lifecycle_e2e_test.go:245: e2e crd: privilege inventory before uninstall: kind=ClusterRole namespace= name=ptah-runtime-generated-name-prefix-boun-cert-rotator uid=51aaf09b-011d-44c7-bcb1-7275b1ade0bb
    lifecycle_e2e_test.go:245: e2e crd: privilege inventory before uninstall: kind=ClusterRole namespace= name=ptah-runtime-generated-name-prefix-boundary-proof-60a21ba63c uid=10ad0b12-5bb8-4a53-929e-416998b1447f
    lifecycle_e2e_test.go:245: e2e crd: privilege inventory before uninstall: kind=ClusterRole namespace= name=ptah-runtime-generated-name-prefix-boundary-proof-60a21ba63c-approver uid=ffec2f34-7472-4e8e-a66c-fd9f1c3b5f87
    lifecycle_e2e_test.go:245: e2e crd: privilege inventory before uninstall: kind=ClusterRoleBinding namespace= name=ptah-runtime-generated-name-prefix-boun-cert-rotator uid=8ed88e4f-0ab6-4477-bd64-c85e62f264ec
    lifecycle_e2e_test.go:245: e2e crd: privilege inventory before uninstall: kind=ClusterRoleBinding namespace= name=ptah-runtime-generated-name-prefix-boundary-proof-60a21ba63c uid=35fbe147-1879-45dc-a1c7-8e126f7714d1
    lifecycle_e2e_test.go:245: e2e crd: privilege inventory before uninstall: kind=Role namespace=ptah-system-1-37-0-result-lifecycle-b503-60a21ba63c name=ptah-runtime-generated-name-prefix-boun-cert-rotator uid=f02038ee-a437-4f48-bdc0-3fb08e725a98
    lifecycle_e2e_test.go:245: e2e crd: privilege inventory before uninstall: kind=Role namespace=ptah-system-1-37-0-result-lifecycle-b503-60a21ba63c name=ptah-runtime-generated-name-prefix-boundary-proof-60a21ba63c uid=81b909a7-b86e-4c50-8812-741851868e91
    lifecycle_e2e_test.go:245: e2e crd: privilege inventory before uninstall: kind=RoleBinding namespace=ptah-system-1-37-0-result-lifecycle-b503-60a21ba63c name=ptah-runtime-generated-name-prefix-boun-cert-rotator uid=de8a5c72-d9ee-4bd0-bc32-878408110077
    lifecycle_e2e_test.go:245: e2e crd: privilege inventory before uninstall: kind=RoleBinding namespace=ptah-system-1-37-0-result-lifecycle-b503-60a21ba63c name=ptah-runtime-generated-name-prefix-boundary-proof-60a21ba63c uid=b3529430-14da-4067-acc1-03497c6f4fba
    lifecycle_e2e_test.go:245: e2e crd: SQL audit: boundary="release uninstall" additionalRemoteRecords=0; original resource, finalizers, execution binding and pending proof retained
    lifecycle_e2e_test.go:245: e2e crd: privilege inventory after uninstall: declared=16 remaining=0; examined 12 RoleBindings and 65 ClusterRoleBindings without label filtering
=== RUN   TestUninstall/reinstall-over-retained-crds
    lifecycle_e2e_test.go:245: e2e crd: reinstalling over retained and drifted CRDs
    lifecycle_e2e_test.go:245: e2e crd: privilege inventory before uninstall: kind=ServiceAccount namespace=ptah-system-1-37-0-result-lifecycle-b503-60a21ba63c name=ptah-runtime-generated-name-prefix-boun-cert-rotator uid=44bbb867-a3d4-4e6a-8ea6-4807cb3e2d46
    lifecycle_e2e_test.go:245: e2e crd: privilege inventory before uninstall: kind=ServiceAccount namespace=ptah-system-1-37-0-result-lifecycle-b503-60a21ba63c name=ptah-runtime-generated-name-prefix-boundary-proof-60a21ba63c uid=58791961-4d8b-4185-be84-f64cf8c05a85
    lifecycle_e2e_test.go:245: e2e crd: privilege inventory before uninstall: kind=ClusterRole namespace= name=ptah-runtime-generated-name-prefix-boun-cert-rotator uid=e4acc305-9c8c-42dc-b34c-83576788fc73
    lifecycle_e2e_test.go:245: e2e crd: privilege inventory before uninstall: kind=ClusterRole namespace= name=ptah-runtime-generated-name-prefix-boundary-proof-60a21ba63c uid=1b4c9bba-6d4b-46af-a26b-235f336ce947
    lifecycle_e2e_test.go:245: e2e crd: privilege inventory before uninstall: kind=ClusterRole namespace= name=ptah-runtime-generated-name-prefix-boundary-proof-60a21ba63c-approver uid=dceaa187-8538-439a-afff-2851bc14c0d4
    lifecycle_e2e_test.go:245: e2e crd: privilege inventory before uninstall: kind=ClusterRoleBinding namespace= name=ptah-runtime-generated-name-prefix-boun-cert-rotator uid=afaf8cd0-dbc7-4ebc-8823-579c37796217
    lifecycle_e2e_test.go:245: e2e crd: privilege inventory before uninstall: kind=ClusterRoleBinding namespace= name=ptah-runtime-generated-name-prefix-boundary-proof-60a21ba63c uid=830c0bae-f4ed-41a6-afc1-cc1bd73c4bb5
    lifecycle_e2e_test.go:245: e2e crd: privilege inventory before uninstall: kind=Role namespace=ptah-system-1-37-0-result-lifecycle-b503-60a21ba63c name=ptah-runtime-generated-name-prefix-boun-cert-rotator uid=475898bb-6fe2-4b97-8f8f-e72806ba13dd
    lifecycle_e2e_test.go:245: e2e crd: privilege inventory before uninstall: kind=Role namespace=ptah-system-1-37-0-result-lifecycle-b503-60a21ba63c name=ptah-runtime-generated-name-prefix-boundary-proof-60a21ba63c uid=5158cedf-1b5d-4d99-bfd2-8be6f86a110f
    lifecycle_e2e_test.go:245: e2e crd: privilege inventory before uninstall: kind=RoleBinding namespace=ptah-system-1-37-0-result-lifecycle-b503-60a21ba63c name=ptah-runtime-generated-name-prefix-boun-cert-rotator uid=e2cda9e6-bd1b-4c4c-8b2b-80f033b4a5be
    lifecycle_e2e_test.go:245: e2e crd: privilege inventory before uninstall: kind=RoleBinding namespace=ptah-system-1-37-0-result-lifecycle-b503-60a21ba63c name=ptah-runtime-generated-name-prefix-boundary-proof-60a21ba63c uid=163ab067-3713-4158-8d94-1b87f0965b38
    lifecycle_e2e_test.go:245: e2e crd: SQL audit: boundary="release uninstall" additionalRemoteRecords=0; original resource, finalizers, execution binding and pending proof retained
    lifecycle_e2e_test.go:245: e2e crd: privilege inventory after uninstall: declared=16 remaining=0; examined 12 RoleBindings and 65 ClusterRoleBindings without label filtering
=== RUN   TestUninstall/exported-chart-install
    lifecycle_e2e_test.go:245: e2e crd: fresh-installing the exact exported current-release chart bytes
    lifecycle_e2e_test.go:245: e2e crd: PASS restricted Pod Security enforced; exact candidate hook Job refused by quota before runtime creation
    lifecycle_e2e_test.go:245: e2e crd: PASS the same candidate recovered from the refused install with quota available and restricted Pod Security still enforced
    lifecycle_e2e_test.go:245: e2e crd: privilege inventory before uninstall: kind=ServiceAccount namespace=ptah-system-1-37-0-result-lifecycle-b503-60a21ba63c name=ptah-runtime-generated-name-prefix-boun-cert-rotator uid=b7659600-c162-42a3-a109-afca6c35b406
    lifecycle_e2e_test.go:245: e2e crd: privilege inventory before uninstall: kind=ServiceAccount namespace=ptah-system-1-37-0-result-lifecycle-b503-60a21ba63c name=ptah-runtime-generated-name-prefix-boundary-proof-60a21ba63c uid=1f6e75fc-dfe0-4d01-baed-ead9eda08385
    lifecycle_e2e_test.go:245: e2e crd: privilege inventory before uninstall: kind=ClusterRole namespace= name=ptah-runtime-generated-name-prefix-boun-cert-rotator uid=3820f106-5601-4203-a4e9-976170a9de0b
    lifecycle_e2e_test.go:245: e2e crd: privilege inventory before uninstall: kind=ClusterRole namespace= name=ptah-runtime-generated-name-prefix-boundary-proof-60a21ba63c uid=d8b85453-7850-458d-bade-6e7821f190b7
    lifecycle_e2e_test.go:245: e2e crd: privilege inventory before uninstall: kind=ClusterRole namespace= name=ptah-runtime-generated-name-prefix-boundary-proof-60a21ba63c-approver uid=129b4bc4-0ab4-47b5-943b-24f66c81dac8
    lifecycle_e2e_test.go:245: e2e crd: privilege inventory before uninstall: kind=ClusterRoleBinding namespace= name=ptah-runtime-generated-name-prefix-boun-cert-rotator uid=fc5cdf80-ad51-4265-9b77-c87e08a69bdf
    lifecycle_e2e_test.go:245: e2e crd: privilege inventory before uninstall: kind=ClusterRoleBinding namespace= name=ptah-runtime-generated-name-prefix-boundary-proof-60a21ba63c uid=4daa6519-728c-40cf-9640-99772ed1be6d
    lifecycle_e2e_test.go:245: e2e crd: privilege inventory before uninstall: kind=Role namespace=ptah-system-1-37-0-result-lifecycle-b503-60a21ba63c name=ptah-runtime-generated-name-prefix-boun-cert-rotator uid=c1488d59-d684-4d33-935d-79a130bb6404
    lifecycle_e2e_test.go:245: e2e crd: privilege inventory before uninstall: kind=Role namespace=ptah-system-1-37-0-result-lifecycle-b503-60a21ba63c name=ptah-runtime-generated-name-prefix-boundary-proof-60a21ba63c uid=01da0154-db58-456d-b260-f8b1466720e0
    lifecycle_e2e_test.go:245: e2e crd: privilege inventory before uninstall: kind=RoleBinding namespace=ptah-system-1-37-0-result-lifecycle-b503-60a21ba63c name=ptah-runtime-generated-name-prefix-boun-cert-rotator uid=a776a4e6-fe6d-49e7-9941-adc39fb765f2
    lifecycle_e2e_test.go:245: e2e crd: privilege inventory before uninstall: kind=RoleBinding namespace=ptah-system-1-37-0-result-lifecycle-b503-60a21ba63c name=ptah-runtime-generated-name-prefix-boundary-proof-60a21ba63c uid=0e1c1fc3-3f8a-4227-9937-490211949749
    lifecycle_e2e_test.go:245: e2e crd: SQL audit: boundary="release uninstall" additionalRemoteRecords=0; original resource, finalizers, execution binding and pending proof retained
    lifecycle_e2e_test.go:245: e2e crd: privilege inventory after uninstall: declared=16 remaining=0; examined 12 RoleBindings and 65 ClusterRoleBindings without label filtering
    lifecycle_e2e_test.go:245: e2e crd: exact exported current-release chart passed fresh install and zero-residue uninstall
    lifecycle_e2e_test.go:245: e2e crd: uninstall retained CRDs and live objects
=== NAME  TestUninstall
    lifecycle_e2e_test.go:90: e2e crd: PASS phase=uninstall
--- PASS: TestUninstall (309.08s)
    --- PASS: TestUninstall/next-release-upgrade (133.21s)
    --- PASS: TestUninstall/rollback (58.34s)
    --- PASS: TestUninstall/uninstall (11.81s)
    --- PASS: TestUninstall/reinstall-over-retained-crds (46.88s)
    --- PASS: TestUninstall/exported-chart-install (58.73s)
PASS
