=== RUN   TestUpgrade
=== RUN   TestUpgrade/read-only-job-cleanup
    lifecycle_e2e_test.go:245: e2e crd: proving read-only Job cleanup within the current release
=== RUN   TestUpgrade/crd-preflight-refusals
    lifecycle_e2e_test.go:245: e2e crd: proving a missing CRD aborts Helm upgrade without recreation
    lifecycle_e2e_test.go:245: e2e crd: unchanged privilege: boundary="upgrade with a missing CRD" kind=ClusterRole namespace= name=ptah-runtime-generated-name-prefix-boun-cert-rotator stateSHA256=be28cfa988ec9ca259f4b8fd886fe6724451f659e57febf93e88ea35fe561436
    lifecycle_e2e_test.go:245: e2e crd: unchanged privilege: boundary="upgrade with a missing CRD" kind=ClusterRole namespace= name=ptah-runtime-generated-name-prefix-boundary-proof-60a21ba63c-approver stateSHA256=c3828f89a08f39d24da3efe5c69a96c9bed5af5c979abe5d0597073b3c9e7792
    lifecycle_e2e_test.go:245: e2e crd: unchanged privilege: boundary="upgrade with a missing CRD" kind=ClusterRoleBinding namespace= name=ptah-runtime-generated-name-prefix-boundary-proof-60a21ba63c stateSHA256=07e6b230de3e78e91ee4aedf8c741f59a987f4a388d1b8bb0017dc4d7a19fd62
    lifecycle_e2e_test.go:245: e2e crd: unchanged privilege: boundary="upgrade with a missing CRD" kind=Role namespace=ptah-system-1-37-0-result-lifecycle-b503-60a21ba63c name=ptah-runtime-generated-name-prefix-boundary-proof-60a21ba63c stateSHA256=964701a3bc483531e908899233132d20b1b7156b5a91bf63ab62e9406c59d728
    lifecycle_e2e_test.go:245: e2e crd: unchanged privilege: boundary="upgrade with a missing CRD" kind=RoleBinding namespace=ptah-system-1-37-0-result-lifecycle-b503-60a21ba63c name=ptah-runtime-generated-name-prefix-boun-cert-rotator stateSHA256=2cf1e0507beb8b9ee6b01d29df9bf68de6d7129d0da641182041569cf8cf4b56
    lifecycle_e2e_test.go:245: e2e crd: unchanged privilege: boundary="upgrade with a missing CRD" kind=ServiceAccount namespace=ptah-system-1-37-0-result-lifecycle-b503-60a21ba63c name=ptah-runtime-generated-name-prefix-boun-cert-rotator stateSHA256=20843fdb8ea04f614fc15178c10de237ae2ad5c03eb256bbdd911a61d18d30dc
    lifecycle_e2e_test.go:245: e2e crd: unchanged privilege: boundary="upgrade with a missing CRD" kind=ServiceAccount namespace=ptah-system-1-37-0-result-lifecycle-b503-60a21ba63c name=ptah-runtime-generated-name-prefix-boundary-proof-60a21ba63c stateSHA256=3d8d12e0a0b9379b34f1df38e864453a39a93cbdf35a00abbf2cadf7dcc72fab
    lifecycle_e2e_test.go:245: e2e crd: unchanged privilege: boundary="upgrade with a missing CRD" kind=ClusterRole namespace= name=ptah-runtime-generated-name-prefix-boundary-proof-60a21ba63c stateSHA256=88e9812fdbf9e206fbf93bcdd56c33e010a353c01d632b6ec475a21cc70f4a27
    lifecycle_e2e_test.go:245: e2e crd: unchanged privilege: boundary="upgrade with a missing CRD" kind=ClusterRoleBinding namespace= name=ptah-runtime-generated-name-prefix-boun-cert-rotator stateSHA256=56f16d528d71e02c24ba28ba878aea8a01a91ce52a21a4070fd0824d520d989a
    lifecycle_e2e_test.go:245: e2e crd: unchanged privilege: boundary="upgrade with a missing CRD" kind=Role namespace=ptah-system-1-37-0-result-lifecycle-b503-60a21ba63c name=ptah-runtime-generated-name-prefix-boun-cert-rotator stateSHA256=49c23c177796fc658928241824b9c56f2773fc8817f04bdb1c80c0569ab88607
    lifecycle_e2e_test.go:245: e2e crd: unchanged privilege: boundary="upgrade with a missing CRD" kind=RoleBinding namespace=ptah-system-1-37-0-result-lifecycle-b503-60a21ba63c name=ptah-runtime-generated-name-prefix-boundary-proof-60a21ba63c stateSHA256=163658807b29df05b210f5708cbaaf680956c99c729432993b133d5b1aecf5ef
    lifecycle_e2e_test.go:245: e2e crd: upgrade with a missing CRD: 11 live runtime privilege identities and authority fields unchanged
    lifecycle_e2e_test.go:245: e2e crd: proving a newer CRD schema version blocks rollback
    lifecycle_e2e_test.go:245: e2e crd: unchanged privilege: boundary="upgrade with a newer CRD schema version" kind=Role namespace=ptah-system-1-37-0-result-lifecycle-b503-60a21ba63c name=ptah-runtime-generated-name-prefix-boun-cert-rotator stateSHA256=49c23c177796fc658928241824b9c56f2773fc8817f04bdb1c80c0569ab88607
    lifecycle_e2e_test.go:245: e2e crd: unchanged privilege: boundary="upgrade with a newer CRD schema version" kind=Role namespace=ptah-system-1-37-0-result-lifecycle-b503-60a21ba63c name=ptah-runtime-generated-name-prefix-boundary-proof-60a21ba63c stateSHA256=964701a3bc483531e908899233132d20b1b7156b5a91bf63ab62e9406c59d728
    lifecycle_e2e_test.go:245: e2e crd: unchanged privilege: boundary="upgrade with a newer CRD schema version" kind=RoleBinding namespace=ptah-system-1-37-0-result-lifecycle-b503-60a21ba63c name=ptah-runtime-generated-name-prefix-boundary-proof-60a21ba63c stateSHA256=163658807b29df05b210f5708cbaaf680956c99c729432993b133d5b1aecf5ef
    lifecycle_e2e_test.go:245: e2e crd: unchanged privilege: boundary="upgrade with a newer CRD schema version" kind=ServiceAccount namespace=ptah-system-1-37-0-result-lifecycle-b503-60a21ba63c name=ptah-runtime-generated-name-prefix-boun-cert-rotator stateSHA256=20843fdb8ea04f614fc15178c10de237ae2ad5c03eb256bbdd911a61d18d30dc
    lifecycle_e2e_test.go:245: e2e crd: unchanged privilege: boundary="upgrade with a newer CRD schema version" kind=ClusterRole namespace= name=ptah-runtime-generated-name-prefix-boundary-proof-60a21ba63c-approver stateSHA256=c3828f89a08f39d24da3efe5c69a96c9bed5af5c979abe5d0597073b3c9e7792
    lifecycle_e2e_test.go:245: e2e crd: unchanged privilege: boundary="upgrade with a newer CRD schema version" kind=ClusterRoleBinding namespace= name=ptah-runtime-generated-name-prefix-boun-cert-rotator stateSHA256=56f16d528d71e02c24ba28ba878aea8a01a91ce52a21a4070fd0824d520d989a
    lifecycle_e2e_test.go:245: e2e crd: unchanged privilege: boundary="upgrade with a newer CRD schema version" kind=ClusterRoleBinding namespace= name=ptah-runtime-generated-name-prefix-boundary-proof-60a21ba63c stateSHA256=07e6b230de3e78e91ee4aedf8c741f59a987f4a388d1b8bb0017dc4d7a19fd62
    lifecycle_e2e_test.go:245: e2e crd: unchanged privilege: boundary="upgrade with a newer CRD schema version" kind=RoleBinding namespace=ptah-system-1-37-0-result-lifecycle-b503-60a21ba63c name=ptah-runtime-generated-name-prefix-boun-cert-rotator stateSHA256=2cf1e0507beb8b9ee6b01d29df9bf68de6d7129d0da641182041569cf8cf4b56
    lifecycle_e2e_test.go:245: e2e crd: unchanged privilege: boundary="upgrade with a newer CRD schema version" kind=ServiceAccount namespace=ptah-system-1-37-0-result-lifecycle-b503-60a21ba63c name=ptah-runtime-generated-name-prefix-boundary-proof-60a21ba63c stateSHA256=3d8d12e0a0b9379b34f1df38e864453a39a93cbdf35a00abbf2cadf7dcc72fab
    lifecycle_e2e_test.go:245: e2e crd: unchanged privilege: boundary="upgrade with a newer CRD schema version" kind=ClusterRole namespace= name=ptah-runtime-generated-name-prefix-boun-cert-rotator stateSHA256=be28cfa988ec9ca259f4b8fd886fe6724451f659e57febf93e88ea35fe561436
    lifecycle_e2e_test.go:245: e2e crd: unchanged privilege: boundary="upgrade with a newer CRD schema version" kind=ClusterRole namespace= name=ptah-runtime-generated-name-prefix-boundary-proof-60a21ba63c stateSHA256=88e9812fdbf9e206fbf93bcdd56c33e010a353c01d632b6ec475a21cc70f4a27
    lifecycle_e2e_test.go:245: e2e crd: upgrade with a newer CRD schema version: 11 live runtime privilege identities and authority fields unchanged
    lifecycle_e2e_test.go:245: e2e crd: proving a newer durable controller-state marker blocks rollback
    lifecycle_e2e_test.go:245: e2e crd: unchanged privilege: boundary="upgrade with a newer durable controller-state marker" kind=ServiceAccount namespace=ptah-system-1-37-0-result-lifecycle-b503-60a21ba63c name=ptah-runtime-generated-name-prefix-boun-cert-rotator stateSHA256=20843fdb8ea04f614fc15178c10de237ae2ad5c03eb256bbdd911a61d18d30dc
    lifecycle_e2e_test.go:245: e2e crd: unchanged privilege: boundary="upgrade with a newer durable controller-state marker" kind=ServiceAccount namespace=ptah-system-1-37-0-result-lifecycle-b503-60a21ba63c name=ptah-runtime-generated-name-prefix-boundary-proof-60a21ba63c stateSHA256=3d8d12e0a0b9379b34f1df38e864453a39a93cbdf35a00abbf2cadf7dcc72fab
    lifecycle_e2e_test.go:245: e2e crd: unchanged privilege: boundary="upgrade with a newer durable controller-state marker" kind=ClusterRole namespace= name=ptah-runtime-generated-name-prefix-boundary-proof-60a21ba63c stateSHA256=88e9812fdbf9e206fbf93bcdd56c33e010a353c01d632b6ec475a21cc70f4a27
    lifecycle_e2e_test.go:245: e2e crd: unchanged privilege: boundary="upgrade with a newer durable controller-state marker" kind=ClusterRole namespace= name=ptah-runtime-generated-name-prefix-boundary-proof-60a21ba63c-approver stateSHA256=c3828f89a08f39d24da3efe5c69a96c9bed5af5c979abe5d0597073b3c9e7792
    lifecycle_e2e_test.go:245: e2e crd: unchanged privilege: boundary="upgrade with a newer durable controller-state marker" kind=ClusterRoleBinding namespace= name=ptah-runtime-generated-name-prefix-boun-cert-rotator stateSHA256=56f16d528d71e02c24ba28ba878aea8a01a91ce52a21a4070fd0824d520d989a
    lifecycle_e2e_test.go:245: e2e crd: unchanged privilege: boundary="upgrade with a newer durable controller-state marker" kind=ClusterRoleBinding namespace= name=ptah-runtime-generated-name-prefix-boundary-proof-60a21ba63c stateSHA256=07e6b230de3e78e91ee4aedf8c741f59a987f4a388d1b8bb0017dc4d7a19fd62
    lifecycle_e2e_test.go:245: e2e crd: unchanged privilege: boundary="upgrade with a newer durable controller-state marker" kind=Role namespace=ptah-system-1-37-0-result-lifecycle-b503-60a21ba63c name=ptah-runtime-generated-name-prefix-boun-cert-rotator stateSHA256=49c23c177796fc658928241824b9c56f2773fc8817f04bdb1c80c0569ab88607
    lifecycle_e2e_test.go:245: e2e crd: unchanged privilege: boundary="upgrade with a newer durable controller-state marker" kind=RoleBinding namespace=ptah-system-1-37-0-result-lifecycle-b503-60a21ba63c name=ptah-runtime-generated-name-prefix-boun-cert-rotator stateSHA256=2cf1e0507beb8b9ee6b01d29df9bf68de6d7129d0da641182041569cf8cf4b56
    lifecycle_e2e_test.go:245: e2e crd: unchanged privilege: boundary="upgrade with a newer durable controller-state marker" kind=ClusterRole namespace= name=ptah-runtime-generated-name-prefix-boun-cert-rotator stateSHA256=be28cfa988ec9ca259f4b8fd886fe6724451f659e57febf93e88ea35fe561436
    lifecycle_e2e_test.go:245: e2e crd: unchanged privilege: boundary="upgrade with a newer durable controller-state marker" kind=Role namespace=ptah-system-1-37-0-result-lifecycle-b503-60a21ba63c name=ptah-runtime-generated-name-prefix-boundary-proof-60a21ba63c stateSHA256=964701a3bc483531e908899233132d20b1b7156b5a91bf63ab62e9406c59d728
    lifecycle_e2e_test.go:245: e2e crd: unchanged privilege: boundary="upgrade with a newer durable controller-state marker" kind=RoleBinding namespace=ptah-system-1-37-0-result-lifecycle-b503-60a21ba63c name=ptah-runtime-generated-name-prefix-boundary-proof-60a21ba63c stateSHA256=163658807b29df05b210f5708cbaaf680956c99c729432993b133d5b1aecf5ef
    lifecycle_e2e_test.go:245: e2e crd: upgrade with a newer durable controller-state marker: 11 live runtime privilege identities and authority fields unchanged
    lifecycle_e2e_test.go:245: e2e crd: proving an incomplete schema identity and a digest collision are refused
    lifecycle_e2e_test.go:245: e2e crd: unchanged privilege: boundary="upgrade with a missing schema digest" kind=ServiceAccount namespace=ptah-system-1-37-0-result-lifecycle-b503-60a21ba63c name=ptah-runtime-generated-name-prefix-boundary-proof-60a21ba63c stateSHA256=3d8d12e0a0b9379b34f1df38e864453a39a93cbdf35a00abbf2cadf7dcc72fab
    lifecycle_e2e_test.go:245: e2e crd: unchanged privilege: boundary="upgrade with a missing schema digest" kind=ClusterRole namespace= name=ptah-runtime-generated-name-prefix-boundary-proof-60a21ba63c stateSHA256=88e9812fdbf9e206fbf93bcdd56c33e010a353c01d632b6ec475a21cc70f4a27
    lifecycle_e2e_test.go:245: e2e crd: unchanged privilege: boundary="upgrade with a missing schema digest" kind=ClusterRole namespace= name=ptah-runtime-generated-name-prefix-boundary-proof-60a21ba63c-approver stateSHA256=c3828f89a08f39d24da3efe5c69a96c9bed5af5c979abe5d0597073b3c9e7792
    lifecycle_e2e_test.go:245: e2e crd: unchanged privilege: boundary="upgrade with a missing schema digest" kind=ClusterRoleBinding namespace= name=ptah-runtime-generated-name-prefix-boundary-proof-60a21ba63c stateSHA256=07e6b230de3e78e91ee4aedf8c741f59a987f4a388d1b8bb0017dc4d7a19fd62
    lifecycle_e2e_test.go:245: e2e crd: unchanged privilege: boundary="upgrade with a missing schema digest" kind=RoleBinding namespace=ptah-system-1-37-0-result-lifecycle-b503-60a21ba63c name=ptah-runtime-generated-name-prefix-boun-cert-rotator stateSHA256=2cf1e0507beb8b9ee6b01d29df9bf68de6d7129d0da641182041569cf8cf4b56
    lifecycle_e2e_test.go:245: e2e crd: unchanged privilege: boundary="upgrade with a missing schema digest" kind=RoleBinding namespace=ptah-system-1-37-0-result-lifecycle-b503-60a21ba63c name=ptah-runtime-generated-name-prefix-boundary-proof-60a21ba63c stateSHA256=163658807b29df05b210f5708cbaaf680956c99c729432993b133d5b1aecf5ef
    lifecycle_e2e_test.go:245: e2e crd: unchanged privilege: boundary="upgrade with a missing schema digest" kind=ServiceAccount namespace=ptah-system-1-37-0-result-lifecycle-b503-60a21ba63c name=ptah-runtime-generated-name-prefix-boun-cert-rotator stateSHA256=20843fdb8ea04f614fc15178c10de237ae2ad5c03eb256bbdd911a61d18d30dc
    lifecycle_e2e_test.go:245: e2e crd: unchanged privilege: boundary="upgrade with a missing schema digest" kind=ClusterRole namespace= name=ptah-runtime-generated-name-prefix-boun-cert-rotator stateSHA256=be28cfa988ec9ca259f4b8fd886fe6724451f659e57febf93e88ea35fe561436
    lifecycle_e2e_test.go:245: e2e crd: unchanged privilege: boundary="upgrade with a missing schema digest" kind=ClusterRoleBinding namespace= name=ptah-runtime-generated-name-prefix-boun-cert-rotator stateSHA256=56f16d528d71e02c24ba28ba878aea8a01a91ce52a21a4070fd0824d520d989a
    lifecycle_e2e_test.go:245: e2e crd: unchanged privilege: boundary="upgrade with a missing schema digest" kind=Role namespace=ptah-system-1-37-0-result-lifecycle-b503-60a21ba63c name=ptah-runtime-generated-name-prefix-boun-cert-rotator stateSHA256=49c23c177796fc658928241824b9c56f2773fc8817f04bdb1c80c0569ab88607
    lifecycle_e2e_test.go:245: e2e crd: unchanged privilege: boundary="upgrade with a missing schema digest" kind=Role namespace=ptah-system-1-37-0-result-lifecycle-b503-60a21ba63c name=ptah-runtime-generated-name-prefix-boundary-proof-60a21ba63c stateSHA256=964701a3bc483531e908899233132d20b1b7156b5a91bf63ab62e9406c59d728
    lifecycle_e2e_test.go:245: e2e crd: upgrade with a missing schema digest: 11 live runtime privilege identities and authority fields unchanged
    lifecycle_e2e_test.go:245: e2e crd: unchanged privilege: boundary="upgrade with a same-version schema digest collision" kind=ClusterRoleBinding namespace= name=ptah-runtime-generated-name-prefix-boun-cert-rotator stateSHA256=56f16d528d71e02c24ba28ba878aea8a01a91ce52a21a4070fd0824d520d989a
    lifecycle_e2e_test.go:245: e2e crd: unchanged privilege: boundary="upgrade with a same-version schema digest collision" kind=RoleBinding namespace=ptah-system-1-37-0-result-lifecycle-b503-60a21ba63c name=ptah-runtime-generated-name-prefix-boun-cert-rotator stateSHA256=2cf1e0507beb8b9ee6b01d29df9bf68de6d7129d0da641182041569cf8cf4b56
    lifecycle_e2e_test.go:245: e2e crd: unchanged privilege: boundary="upgrade with a same-version schema digest collision" kind=ClusterRole namespace= name=ptah-runtime-generated-name-prefix-boundary-proof-60a21ba63c stateSHA256=88e9812fdbf9e206fbf93bcdd56c33e010a353c01d632b6ec475a21cc70f4a27
    lifecycle_e2e_test.go:245: e2e crd: unchanged privilege: boundary="upgrade with a same-version schema digest collision" kind=ClusterRoleBinding namespace= name=ptah-runtime-generated-name-prefix-boundary-proof-60a21ba63c stateSHA256=07e6b230de3e78e91ee4aedf8c741f59a987f4a388d1b8bb0017dc4d7a19fd62
    lifecycle_e2e_test.go:245: e2e crd: unchanged privilege: boundary="upgrade with a same-version schema digest collision" kind=Role namespace=ptah-system-1-37-0-result-lifecycle-b503-60a21ba63c name=ptah-runtime-generated-name-prefix-boun-cert-rotator stateSHA256=49c23c177796fc658928241824b9c56f2773fc8817f04bdb1c80c0569ab88607
    lifecycle_e2e_test.go:245: e2e crd: unchanged privilege: boundary="upgrade with a same-version schema digest collision" kind=Role namespace=ptah-system-1-37-0-result-lifecycle-b503-60a21ba63c name=ptah-runtime-generated-name-prefix-boundary-proof-60a21ba63c stateSHA256=964701a3bc483531e908899233132d20b1b7156b5a91bf63ab62e9406c59d728
    lifecycle_e2e_test.go:245: e2e crd: unchanged privilege: boundary="upgrade with a same-version schema digest collision" kind=RoleBinding namespace=ptah-system-1-37-0-result-lifecycle-b503-60a21ba63c name=ptah-runtime-generated-name-prefix-boundary-proof-60a21ba63c stateSHA256=163658807b29df05b210f5708cbaaf680956c99c729432993b133d5b1aecf5ef
    lifecycle_e2e_test.go:245: e2e crd: unchanged privilege: boundary="upgrade with a same-version schema digest collision" kind=ServiceAccount namespace=ptah-system-1-37-0-result-lifecycle-b503-60a21ba63c name=ptah-runtime-generated-name-prefix-boun-cert-rotator stateSHA256=20843fdb8ea04f614fc15178c10de237ae2ad5c03eb256bbdd911a61d18d30dc
    lifecycle_e2e_test.go:245: e2e crd: unchanged privilege: boundary="upgrade with a same-version schema digest collision" kind=ServiceAccount namespace=ptah-system-1-37-0-result-lifecycle-b503-60a21ba63c name=ptah-runtime-generated-name-prefix-boundary-proof-60a21ba63c stateSHA256=3d8d12e0a0b9379b34f1df38e864453a39a93cbdf35a00abbf2cadf7dcc72fab
    lifecycle_e2e_test.go:245: e2e crd: unchanged privilege: boundary="upgrade with a same-version schema digest collision" kind=ClusterRole namespace= name=ptah-runtime-generated-name-prefix-boun-cert-rotator stateSHA256=be28cfa988ec9ca259f4b8fd886fe6724451f659e57febf93e88ea35fe561436
    lifecycle_e2e_test.go:245: e2e crd: unchanged privilege: boundary="upgrade with a same-version schema digest collision" kind=ClusterRole namespace= name=ptah-runtime-generated-name-prefix-boundary-proof-60a21ba63c-approver stateSHA256=c3828f89a08f39d24da3efe5c69a96c9bed5af5c979abe5d0597073b3c9e7792
    lifecycle_e2e_test.go:245: e2e crd: upgrade with a same-version schema digest collision: 11 live runtime privilege identities and authority fields unchanged
=== RUN   TestUpgrade/drifted-crd-upgrade
    lifecycle_e2e_test.go:245: e2e crd: creating live-object preservation evidence
    lifecycle_e2e_test.go:245: e2e crd: unchanged privilege: boundary="upgrade against future controller state" kind=ClusterRole namespace= name=ptah-runtime-generated-name-prefix-boundary-proof-60a21ba63c-approver stateSHA256=c3828f89a08f39d24da3efe5c69a96c9bed5af5c979abe5d0597073b3c9e7792
    lifecycle_e2e_test.go:245: e2e crd: unchanged privilege: boundary="upgrade against future controller state" kind=ClusterRoleBinding namespace= name=ptah-runtime-generated-name-prefix-boun-cert-rotator stateSHA256=56f16d528d71e02c24ba28ba878aea8a01a91ce52a21a4070fd0824d520d989a
    lifecycle_e2e_test.go:245: e2e crd: unchanged privilege: boundary="upgrade against future controller state" kind=Role namespace=ptah-system-1-37-0-result-lifecycle-b503-60a21ba63c name=ptah-runtime-generated-name-prefix-boun-cert-rotator stateSHA256=49c23c177796fc658928241824b9c56f2773fc8817f04bdb1c80c0569ab88607
    lifecycle_e2e_test.go:245: e2e crd: unchanged privilege: boundary="upgrade against future controller state" kind=Role namespace=ptah-system-1-37-0-result-lifecycle-b503-60a21ba63c name=ptah-runtime-generated-name-prefix-boundary-proof-60a21ba63c stateSHA256=964701a3bc483531e908899233132d20b1b7156b5a91bf63ab62e9406c59d728
    lifecycle_e2e_test.go:245: e2e crd: unchanged privilege: boundary="upgrade against future controller state" kind=RoleBinding namespace=ptah-system-1-37-0-result-lifecycle-b503-60a21ba63c name=ptah-runtime-generated-name-prefix-boundary-proof-60a21ba63c stateSHA256=163658807b29df05b210f5708cbaaf680956c99c729432993b133d5b1aecf5ef
    lifecycle_e2e_test.go:245: e2e crd: unchanged privilege: boundary="upgrade against future controller state" kind=ClusterRole namespace= name=ptah-runtime-generated-name-prefix-boun-cert-rotator stateSHA256=be28cfa988ec9ca259f4b8fd886fe6724451f659e57febf93e88ea35fe561436
    lifecycle_e2e_test.go:245: e2e crd: unchanged privilege: boundary="upgrade against future controller state" kind=ClusterRole namespace= name=ptah-runtime-generated-name-prefix-boundary-proof-60a21ba63c stateSHA256=88e9812fdbf9e206fbf93bcdd56c33e010a353c01d632b6ec475a21cc70f4a27
    lifecycle_e2e_test.go:245: e2e crd: unchanged privilege: boundary="upgrade against future controller state" kind=ClusterRoleBinding namespace= name=ptah-runtime-generated-name-prefix-boundary-proof-60a21ba63c stateSHA256=07e6b230de3e78e91ee4aedf8c741f59a987f4a388d1b8bb0017dc4d7a19fd62
    lifecycle_e2e_test.go:245: e2e crd: unchanged privilege: boundary="upgrade against future controller state" kind=RoleBinding namespace=ptah-system-1-37-0-result-lifecycle-b503-60a21ba63c name=ptah-runtime-generated-name-prefix-boun-cert-rotator stateSHA256=2cf1e0507beb8b9ee6b01d29df9bf68de6d7129d0da641182041569cf8cf4b56
    lifecycle_e2e_test.go:245: e2e crd: unchanged privilege: boundary="upgrade against future controller state" kind=ServiceAccount namespace=ptah-system-1-37-0-result-lifecycle-b503-60a21ba63c name=ptah-runtime-generated-name-prefix-boun-cert-rotator stateSHA256=20843fdb8ea04f614fc15178c10de237ae2ad5c03eb256bbdd911a61d18d30dc
    lifecycle_e2e_test.go:245: e2e crd: unchanged privilege: boundary="upgrade against future controller state" kind=ServiceAccount namespace=ptah-system-1-37-0-result-lifecycle-b503-60a21ba63c name=ptah-runtime-generated-name-prefix-boundary-proof-60a21ba63c stateSHA256=3d8d12e0a0b9379b34f1df38e864453a39a93cbdf35a00abbf2cadf7dcc72fab
    lifecycle_e2e_test.go:245: e2e crd: upgrade against future controller state: 11 live runtime privilege identities and authority fields unchanged
    lifecycle_e2e_test.go:245: e2e crd: upgrading drifted CRDs before the manager rollout
=== RUN   TestUpgrade/controller-write-guard
    lifecycle_e2e_test.go:245: e2e crd: proving the controller desired-state write boundary
    lifecycle_e2e_test.go:245: e2e crd: proving controller Job guarded fields on Kubernetes 1.37
    lifecycle_e2e_test.go:245: e2e crd: controller Job guarded-field proof passed on Kubernetes 1.37
    lifecycle_e2e_test.go:245: e2e crd: controller desired-state and direct-write boundaries passed
=== RUN   TestUpgrade/runtime-recovery
    lifecycle_e2e_test.go:245: e2e crd: proving an active release survives losing both runtime Deployments
    lifecycle_e2e_test.go:245: e2e crd: both runtime Deployments were restored by the upgrade
=== RUN   TestUpgrade/singleton-coordination
    lifecycle_e2e_test.go:245: e2e crd: proving immutable singleton coordination
    lifecycle_e2e_test.go:245: e2e crd: unchanged privilege: boundary="coordination namespace mutation" kind=ClusterRoleBinding namespace= name=ptah-runtime-generated-name-prefix-boundary-proof-60a21ba63c stateSHA256=07e6b230de3e78e91ee4aedf8c741f59a987f4a388d1b8bb0017dc4d7a19fd62
    lifecycle_e2e_test.go:245: e2e crd: unchanged privilege: boundary="coordination namespace mutation" kind=RoleBinding namespace=ptah-system-1-37-0-result-lifecycle-b503-60a21ba63c name=ptah-runtime-generated-name-prefix-boun-cert-rotator stateSHA256=2cf1e0507beb8b9ee6b01d29df9bf68de6d7129d0da641182041569cf8cf4b56
    lifecycle_e2e_test.go:245: e2e crd: unchanged privilege: boundary="coordination namespace mutation" kind=ServiceAccount namespace=ptah-system-1-37-0-result-lifecycle-b503-60a21ba63c name=ptah-runtime-generated-name-prefix-boundary-proof-60a21ba63c stateSHA256=3d8d12e0a0b9379b34f1df38e864453a39a93cbdf35a00abbf2cadf7dcc72fab
    lifecycle_e2e_test.go:245: e2e crd: unchanged privilege: boundary="coordination namespace mutation" kind=ClusterRole namespace= name=ptah-runtime-generated-name-prefix-boundary-proof-60a21ba63c stateSHA256=88e9812fdbf9e206fbf93bcdd56c33e010a353c01d632b6ec475a21cc70f4a27
    lifecycle_e2e_test.go:245: e2e crd: unchanged privilege: boundary="coordination namespace mutation" kind=ClusterRole namespace= name=ptah-runtime-generated-name-prefix-boundary-proof-60a21ba63c-approver stateSHA256=c3828f89a08f39d24da3efe5c69a96c9bed5af5c979abe5d0597073b3c9e7792
    lifecycle_e2e_test.go:245: e2e crd: unchanged privilege: boundary="coordination namespace mutation" kind=Role namespace=ptah-system-1-37-0-result-lifecycle-b503-60a21ba63c name=ptah-runtime-generated-name-prefix-boun-cert-rotator stateSHA256=49c23c177796fc658928241824b9c56f2773fc8817f04bdb1c80c0569ab88607
    lifecycle_e2e_test.go:245: e2e crd: unchanged privilege: boundary="coordination namespace mutation" kind=Role namespace=ptah-system-1-37-0-result-lifecycle-b503-60a21ba63c name=ptah-runtime-generated-name-prefix-boundary-proof-60a21ba63c stateSHA256=964701a3bc483531e908899233132d20b1b7156b5a91bf63ab62e9406c59d728
    lifecycle_e2e_test.go:245: e2e crd: unchanged privilege: boundary="coordination namespace mutation" kind=RoleBinding namespace=ptah-system-1-37-0-result-lifecycle-b503-60a21ba63c name=ptah-runtime-generated-name-prefix-boundary-proof-60a21ba63c stateSHA256=163658807b29df05b210f5708cbaaf680956c99c729432993b133d5b1aecf5ef
    lifecycle_e2e_test.go:245: e2e crd: unchanged privilege: boundary="coordination namespace mutation" kind=ServiceAccount namespace=ptah-system-1-37-0-result-lifecycle-b503-60a21ba63c name=ptah-runtime-generated-name-prefix-boun-cert-rotator stateSHA256=20843fdb8ea04f614fc15178c10de237ae2ad5c03eb256bbdd911a61d18d30dc
    lifecycle_e2e_test.go:245: e2e crd: unchanged privilege: boundary="coordination namespace mutation" kind=ClusterRole namespace= name=ptah-runtime-generated-name-prefix-boun-cert-rotator stateSHA256=be28cfa988ec9ca259f4b8fd886fe6724451f659e57febf93e88ea35fe561436
    lifecycle_e2e_test.go:245: e2e crd: unchanged privilege: boundary="coordination namespace mutation" kind=ClusterRoleBinding namespace= name=ptah-runtime-generated-name-prefix-boun-cert-rotator stateSHA256=56f16d528d71e02c24ba28ba878aea8a01a91ce52a21a4070fd0824d520d989a
    lifecycle_e2e_test.go:245: e2e crd: coordination namespace mutation: 11 live runtime privilege identities and authority fields unchanged
    lifecycle_e2e_test.go:245: e2e crd: unchanged privilege: boundary="leader-election mutation" kind=ClusterRole namespace= name=ptah-runtime-generated-name-prefix-boun-cert-rotator stateSHA256=be28cfa988ec9ca259f4b8fd886fe6724451f659e57febf93e88ea35fe561436
    lifecycle_e2e_test.go:245: e2e crd: unchanged privilege: boundary="leader-election mutation" kind=ClusterRole namespace= name=ptah-runtime-generated-name-prefix-boundary-proof-60a21ba63c stateSHA256=88e9812fdbf9e206fbf93bcdd56c33e010a353c01d632b6ec475a21cc70f4a27
    lifecycle_e2e_test.go:245: e2e crd: unchanged privilege: boundary="leader-election mutation" kind=ClusterRole namespace= name=ptah-runtime-generated-name-prefix-boundary-proof-60a21ba63c-approver stateSHA256=c3828f89a08f39d24da3efe5c69a96c9bed5af5c979abe5d0597073b3c9e7792
    lifecycle_e2e_test.go:245: e2e crd: unchanged privilege: boundary="leader-election mutation" kind=ClusterRoleBinding namespace= name=ptah-runtime-generated-name-prefix-boun-cert-rotator stateSHA256=56f16d528d71e02c24ba28ba878aea8a01a91ce52a21a4070fd0824d520d989a
    lifecycle_e2e_test.go:245: e2e crd: unchanged privilege: boundary="leader-election mutation" kind=ClusterRoleBinding namespace= name=ptah-runtime-generated-name-prefix-boundary-proof-60a21ba63c stateSHA256=07e6b230de3e78e91ee4aedf8c741f59a987f4a388d1b8bb0017dc4d7a19fd62
    lifecycle_e2e_test.go:245: e2e crd: unchanged privilege: boundary="leader-election mutation" kind=Role namespace=ptah-system-1-37-0-result-lifecycle-b503-60a21ba63c name=ptah-runtime-generated-name-prefix-boun-cert-rotator stateSHA256=49c23c177796fc658928241824b9c56f2773fc8817f04bdb1c80c0569ab88607
    lifecycle_e2e_test.go:245: e2e crd: unchanged privilege: boundary="leader-election mutation" kind=RoleBinding namespace=ptah-system-1-37-0-result-lifecycle-b503-60a21ba63c name=ptah-runtime-generated-name-prefix-boundary-proof-60a21ba63c stateSHA256=163658807b29df05b210f5708cbaaf680956c99c729432993b133d5b1aecf5ef
    lifecycle_e2e_test.go:245: e2e crd: unchanged privilege: boundary="leader-election mutation" kind=ServiceAccount namespace=ptah-system-1-37-0-result-lifecycle-b503-60a21ba63c name=ptah-runtime-generated-name-prefix-boun-cert-rotator stateSHA256=20843fdb8ea04f614fc15178c10de237ae2ad5c03eb256bbdd911a61d18d30dc
    lifecycle_e2e_test.go:245: e2e crd: unchanged privilege: boundary="leader-election mutation" kind=ServiceAccount namespace=ptah-system-1-37-0-result-lifecycle-b503-60a21ba63c name=ptah-runtime-generated-name-prefix-boundary-proof-60a21ba63c stateSHA256=3d8d12e0a0b9379b34f1df38e864453a39a93cbdf35a00abbf2cadf7dcc72fab
    lifecycle_e2e_test.go:245: e2e crd: unchanged privilege: boundary="leader-election mutation" kind=Role namespace=ptah-system-1-37-0-result-lifecycle-b503-60a21ba63c name=ptah-runtime-generated-name-prefix-boundary-proof-60a21ba63c stateSHA256=964701a3bc483531e908899233132d20b1b7156b5a91bf63ab62e9406c59d728
    lifecycle_e2e_test.go:245: e2e crd: unchanged privilege: boundary="leader-election mutation" kind=RoleBinding namespace=ptah-system-1-37-0-result-lifecycle-b503-60a21ba63c name=ptah-runtime-generated-name-prefix-boun-cert-rotator stateSHA256=2cf1e0507beb8b9ee6b01d29df9bf68de6d7129d0da641182041569cf8cf4b56
    lifecycle_e2e_test.go:245: e2e crd: leader-election mutation: 11 live runtime privilege identities and authority fields unchanged
    lifecycle_e2e_test.go:245: e2e crd: proving the chart refuses a release namespace that runs foreign workloads
    lifecycle_e2e_test.go:245: e2e crd: unchanged privilege: boundary="shared release namespace upgrade" kind=ClusterRole namespace= name=ptah-runtime-generated-name-prefix-boundary-proof-60a21ba63c stateSHA256=88e9812fdbf9e206fbf93bcdd56c33e010a353c01d632b6ec475a21cc70f4a27
    lifecycle_e2e_test.go:245: e2e crd: unchanged privilege: boundary="shared release namespace upgrade" kind=ClusterRole namespace= name=ptah-runtime-generated-name-prefix-boundary-proof-60a21ba63c-approver stateSHA256=c3828f89a08f39d24da3efe5c69a96c9bed5af5c979abe5d0597073b3c9e7792
    lifecycle_e2e_test.go:245: e2e crd: unchanged privilege: boundary="shared release namespace upgrade" kind=ClusterRoleBinding namespace= name=ptah-runtime-generated-name-prefix-boun-cert-rotator stateSHA256=56f16d528d71e02c24ba28ba878aea8a01a91ce52a21a4070fd0824d520d989a
    lifecycle_e2e_test.go:245: e2e crd: unchanged privilege: boundary="shared release namespace upgrade" kind=RoleBinding namespace=ptah-system-1-37-0-result-lifecycle-b503-60a21ba63c name=ptah-runtime-generated-name-prefix-boundary-proof-60a21ba63c stateSHA256=163658807b29df05b210f5708cbaaf680956c99c729432993b133d5b1aecf5ef
    lifecycle_e2e_test.go:245: e2e crd: unchanged privilege: boundary="shared release namespace upgrade" kind=ServiceAccount namespace=ptah-system-1-37-0-result-lifecycle-b503-60a21ba63c name=ptah-runtime-generated-name-prefix-boun-cert-rotator stateSHA256=20843fdb8ea04f614fc15178c10de237ae2ad5c03eb256bbdd911a61d18d30dc
    lifecycle_e2e_test.go:245: e2e crd: unchanged privilege: boundary="shared release namespace upgrade" kind=ServiceAccount namespace=ptah-system-1-37-0-result-lifecycle-b503-60a21ba63c name=ptah-runtime-generated-name-prefix-boundary-proof-60a21ba63c stateSHA256=3d8d12e0a0b9379b34f1df38e864453a39a93cbdf35a00abbf2cadf7dcc72fab
    lifecycle_e2e_test.go:245: e2e crd: unchanged privilege: boundary="shared release namespace upgrade" kind=ClusterRole namespace= name=ptah-runtime-generated-name-prefix-boun-cert-rotator stateSHA256=be28cfa988ec9ca259f4b8fd886fe6724451f659e57febf93e88ea35fe561436
    lifecycle_e2e_test.go:245: e2e crd: unchanged privilege: boundary="shared release namespace upgrade" kind=ClusterRoleBinding namespace= name=ptah-runtime-generated-name-prefix-boundary-proof-60a21ba63c stateSHA256=07e6b230de3e78e91ee4aedf8c741f59a987f4a388d1b8bb0017dc4d7a19fd62
    lifecycle_e2e_test.go:245: e2e crd: unchanged privilege: boundary="shared release namespace upgrade" kind=Role namespace=ptah-system-1-37-0-result-lifecycle-b503-60a21ba63c name=ptah-runtime-generated-name-prefix-boun-cert-rotator stateSHA256=49c23c177796fc658928241824b9c56f2773fc8817f04bdb1c80c0569ab88607
    lifecycle_e2e_test.go:245: e2e crd: unchanged privilege: boundary="shared release namespace upgrade" kind=Role namespace=ptah-system-1-37-0-result-lifecycle-b503-60a21ba63c name=ptah-runtime-generated-name-prefix-boundary-proof-60a21ba63c stateSHA256=964701a3bc483531e908899233132d20b1b7156b5a91bf63ab62e9406c59d728
    lifecycle_e2e_test.go:245: e2e crd: unchanged privilege: boundary="shared release namespace upgrade" kind=RoleBinding namespace=ptah-system-1-37-0-result-lifecycle-b503-60a21ba63c name=ptah-runtime-generated-name-prefix-boun-cert-rotator stateSHA256=2cf1e0507beb8b9ee6b01d29df9bf68de6d7129d0da641182041569cf8cf4b56
    lifecycle_e2e_test.go:245: e2e crd: shared release namespace upgrade: 11 live runtime privilege identities and authority fields unchanged
    lifecycle_e2e_test.go:245: e2e crd: proving runtime rejection of an incomplete singleton
    lifecycle_e2e_test.go:245: e2e crd: proving the runtime refuses an admission singleton another release owns
    lifecycle_e2e_test.go:245: e2e crd: proving runtime rejection of drifted admission behavior
    lifecycle_e2e_test.go:245: e2e crd: proving controller downgrade preflight
    lifecycle_e2e_test.go:245: e2e crd: upgrade and singleton proofs passed
=== NAME  TestUpgrade
    lifecycle_e2e_test.go:59: e2e crd: PASS phase=upgrade
--- PASS: TestUpgrade (467.11s)
    --- PASS: TestUpgrade/read-only-job-cleanup (38.44s)
    --- PASS: TestUpgrade/crd-preflight-refusals (103.04s)
    --- PASS: TestUpgrade/drifted-crd-upgrade (46.81s)
    --- PASS: TestUpgrade/controller-write-guard (20.21s)
    --- PASS: TestUpgrade/runtime-recovery (31.92s)
    --- PASS: TestUpgrade/singleton-coordination (226.57s)
PASS
